
> odubo@0.1.0 mp4:backfill
> tsx --env-file=.env.local scripts/backfill-stream-mp4-urls.ts

🎬 Stream MP4 URL Backfill Script
==========================================

📊 Found 112 videos to process

Source format breakdown:
  • MP4: 104 videos
  • MOV: 8 videos

[1/112] Processing [MP4]: "Take That Movie Outro"
  Stream UID: 6edcf892e1164b0ae62e17521ee374dc
  Enabling downloads...
  Waiting for download to be ready...
  ✅ MP4 URL: https://customer-tpkm273r1u0s40no.cloudflarestream.com/6edcf...
  ✅ Updated!

[2/112] Processing [MP4]: "Take That Outro"
  Stream UID: d051eabc49c9ae1c98ebb7d004a472c8
  Enabling downloads...
  Waiting for download to be ready...
  ✅ MP4 URL: https://customer-tpkm273r1u0s40no.cloudflarestream.com/d051e...
  ✅ Updated!

[3/112] Processing [MP4]: "Take That Bridge"
  Stream UID: 330025be44d8fddda3d6adf703e70e69
  Enabling downloads...
  Waiting for download to be ready...
  ✅ MP4 URL: https://customer-tpkm273r1u0s40no.cloudflarestream.com/33002...
  ✅ Updated!

[4/112] Processing [MP4]: "Take That Chorus 3"
  Stream UID: e5e53a4432803a42a6f8811b7aee39eb
  Enabling downloads...
  Waiting for download to be ready...
  ✅ MP4 URL: https://customer-tpkm273r1u0s40no.cloudflarestream.com/e5e53...
  ✅ Updated!

[5/112] Processing [MP4]: "Take That Chorus 2"
  Stream UID: d8be73a5dfc58c3a2861d0e0423c2a0a
  Enabling downloads...
  Waiting for download to be ready...
  ✅ MP4 URL: https://customer-tpkm273r1u0s40no.cloudflarestream.com/d8be7...
  ✅ Updated!

[6/112] Processing [MP4]: "Take That Verse 2"
  Stream UID: 177a966c4b3df026c7917426ca094ded
  Enabling downloads...
  Waiting for download to be ready...
  ✅ MP4 URL: https://customer-tpkm273r1u0s40no.cloudflarestream.com/177a9...
  ✅ Updated!

[7/112] Processing [MP4]: "Take That Verse 1"
  Stream UID: 768c33486015f0c67f5408718d676a8d
  Enabling downloads...
  Waiting for download to be ready...
  ✅ MP4 URL: https://customer-tpkm273r1u0s40no.cloudflarestream.com/768c3...
  ✅ Updated!

[8/112] Processing [MP4]: "Take That Chorus 1"
  Stream UID: 3a9b85c2cf38b534cb0843f7d1040157
  Enabling downloads...
  Waiting for download to be ready...
  ✅ MP4 URL: https://customer-tpkm273r1u0s40no.cloudflarestream.com/3a9b8...
  ✅ Updated!

[9/112] Processing [MP4]: "Take That Intro"
  Stream UID: ba39642c8285488814e055569a08cb17
  Enabling downloads...
  Waiting for download to be ready...
  ✅ MP4 URL: https://customer-tpkm273r1u0s40no.cloudflarestream.com/ba396...
  ✅ Updated!

[10/112] Processing [MP4]: "Take That Title"
  Stream UID: 45e2631d7007c95eb17b210c58f3e87c
  Enabling downloads...
  Waiting for download to be ready...
  ✅ MP4 URL: https://customer-tpkm273r1u0s40no.cloudflarestream.com/45e26...
  ✅ Updated!

[11/112] Processing [MP4]: "Take That Hi"
  Stream UID: 81f411543ce60808acd90a2f4c8dbe52
  Enabling downloads...
  Waiting for download to be ready...
  ✅ MP4 URL: https://customer-tpkm273r1u0s40no.cloudflarestream.com/81f41...
  ✅ Updated!

[12/112] Processing [MP4]: "Fish Out Outro"
  Stream UID: 34adbac602435afee157bb987af8bf59
  Enabling downloads...
  Waiting for download to be ready...
  ✅ MP4 URL: https://customer-tpkm273r1u0s40no.cloudflarestream.com/34adb...
  ✅ Updated!

[13/112] Processing [MP4]: "Fish Out! Chorus 5"
  Stream UID: 75ba1eb00b3cf41656995b84f3b4ce91
  Enabling downloads...
  Waiting for download to be ready...
  ✅ MP4 URL: https://customer-tpkm273r1u0s40no.cloudflarestream.com/75ba1...
  ✅ Updated!

[14/112] Processing [MP4]: "Fish Out! Chorus 4"
  Stream UID: 2403c5c1289efca68179fd617d5615cc
  Enabling downloads...
  Waiting for download to be ready...
  ✅ MP4 URL: https://customer-tpkm273r1u0s40no.cloudflarestream.com/2403c...
  ✅ Updated!

[15/112] Processing [MP4]: "Fish Out! Chorus 3"
  Stream UID: 785c6e95de455bfce458c71290806891
  Enabling downloads...
  Waiting for download to be ready...
  ✅ MP4 URL: https://customer-tpkm273r1u0s40no.cloudflarestream.com/785c6...
  ✅ Updated!

[16/112] Processing [MP4]: "Fish Out! Verse 4"
  Stream UID: baa33886e7e2a1a6b4fa0dc49c9fed15
  Enabling downloads...
  Waiting for download to be ready...
  ✅ MP4 URL: https://customer-tpkm273r1u0s40no.cloudflarestream.com/baa33...
  ✅ Updated!

[17/112] Processing [MP4]: "Fish Out! Verse 3"
  Stream UID: 817afd73af6e9981153147783bad7360
  Enabling downloads...
  Waiting for download to be ready...
  ✅ MP4 URL: https://customer-tpkm273r1u0s40no.cloudflarestream.com/817af...
  ✅ Updated!

[18/112] Processing [MP4]: "Fish Out! Chorus 2"
  Stream UID: 50edd00e6fe982d6242bcdda7d0eeb87
  Enabling downloads...
  Waiting for download to be ready...
  ✅ MP4 URL: https://customer-tpkm273r1u0s40no.cloudflarestream.com/50edd...
  ✅ Updated!

[19/112] Processing [MP4]: "Fish Out! Verse 2"
  Stream UID: 158f9f1e57d293e215361484a9e86ba2
  Enabling downloads...
  Waiting for download to be ready...
  ✅ MP4 URL: https://customer-tpkm273r1u0s40no.cloudflarestream.com/158f9...
  ✅ Updated!

[20/112] Processing [MP4]: "Fish Out! Verse 1"
  Stream UID: 38e6344a6900d18c7a71c79c98fe1cf1
  Enabling downloads...
  Waiting for download to be ready...
  ✅ MP4 URL: https://customer-tpkm273r1u0s40no.cloudflarestream.com/38e63...
  ✅ Updated!

[21/112] Processing [MP4]: "Fish Out! Chorus 1"
  Stream UID: 812d12142bc8a9dad5d1969ececc3f7c
  Enabling downloads...
  Waiting for download to be ready...
  ✅ MP4 URL: https://customer-tpkm273r1u0s40no.cloudflarestream.com/812d1...
  ✅ Updated!

[22/112] Processing [MP4]: "Fish Out! Intro"
  Stream UID: 2c591baecc5d37d977554308dc4406f2
  Enabling downloads...
  Waiting for download to be ready...
  ✅ MP4 URL: https://customer-tpkm273r1u0s40no.cloudflarestream.com/2c591...
  ✅ Updated!

[23/112] Processing [MP4]: "Times New Romans Offended 2"
  Stream UID: a4e56e57caa7bc229a2fd6498693c5e3
  Enabling downloads...
  Waiting for download to be ready...
  ✅ MP4 URL: https://customer-tpkm273r1u0s40no.cloudflarestream.com/a4e56...
  ✅ Updated!

[24/112] Processing [MP4]: "Times New Romans Offended 1"
  Stream UID: ef52b5e4b7288bacd61cc53edece8770
  Enabling downloads...
  Waiting for download to be ready...
  ✅ MP4 URL: https://customer-tpkm273r1u0s40no.cloudflarestream.com/ef52b...
  ✅ Updated!

[25/112] Processing [MP4]: "Times New Romans Verse 2"
  Stream UID: 0eb06219e05a1bad9a8330cb8c86587d
  Enabling downloads...
  Waiting for download to be ready...
  ✅ MP4 URL: https://customer-tpkm273r1u0s40no.cloudflarestream.com/0eb06...
  ✅ Updated!

[26/112] Processing [MP4]: "Times New Romans Verse 1"
  Stream UID: 2edec4f63b7f52bacdcf175b309b2ba6
  Enabling downloads...
  Waiting for download to be ready...
  ✅ MP4 URL: https://customer-tpkm273r1u0s40no.cloudflarestream.com/2edec...
  ✅ Updated!

[27/112] Processing [MP4]: "Times New Romans Intro"
  Stream UID: 38a34cfed45fbfcc0247a2d6ee05c74b
  Enabling downloads...
  Waiting for download to be ready...
  ✅ MP4 URL: https://customer-tpkm273r1u0s40no.cloudflarestream.com/38a34...
  ✅ Updated!

[28/112] Processing [MP4]: "Times Drop 2"
  Stream UID: b623eda7b5901c4156898fd4eae7c23a
  Enabling downloads...
  Waiting for download to be ready...
  ✅ MP4 URL: https://customer-tpkm273r1u0s40no.cloudflarestream.com/b623e...
  ✅ Updated!

[29/112] Processing [MP4]: "Times Dance Break"
  Stream UID: 0c2be6662088c95a0afe2599640b44bb
  Enabling downloads...
  Waiting for download to be ready...
  ✅ MP4 URL: https://customer-tpkm273r1u0s40no.cloudflarestream.com/0c2be...
  ✅ Updated!

[30/112] Processing [MP4]: "Times Drop"
  Stream UID: 084eb101c7e5754e221882e0c55a636e
  Enabling downloads...
  Waiting for download to be ready...
  ✅ MP4 URL: https://customer-tpkm273r1u0s40no.cloudflarestream.com/084eb...
  ✅ Updated!

[31/112] Processing [MP4]: "Times Music 2"
  Stream UID: 0df94f4e5b14296a2249e8f486bac824
  Enabling downloads...
  Waiting for download to be ready...
  ✅ MP4 URL: https://customer-tpkm273r1u0s40no.cloudflarestream.com/0df94...
  ✅ Updated!

[32/112] Processing [MP4]: "Times Music 1"
  Stream UID: 3d0758849bbd299e5d6f2c4409e244ee
  Enabling downloads...
  Waiting for download to be ready...
  ✅ MP4 URL: https://customer-tpkm273r1u0s40no.cloudflarestream.com/3d075...
  ✅ Updated!

[33/112] Processing [MP4]: "Times Intro"
  Stream UID: 3ed00773148a34d21c5d480d3b616b89
  Enabling downloads...
  Waiting for download to be ready...
  ✅ MP4 URL: https://customer-tpkm273r1u0s40no.cloudflarestream.com/3ed00...
  ✅ Updated!

[34/112] Processing [MP4]: "Vase Credits"
  Stream UID: 1f1a4367ccd41b3fc353308301899c51
  Enabling downloads...
  Waiting for download to be ready...
  ✅ MP4 URL: https://customer-tpkm273r1u0s40no.cloudflarestream.com/1f1a4...
  ✅ Updated!

[35/112] Processing [MP4]: "Vase Outro"
  Stream UID: 9eb255c76d7779c8b75dcb9524c0c96c
  Enabling downloads...
  Waiting for download to be ready...
  ✅ MP4 URL: https://customer-tpkm273r1u0s40no.cloudflarestream.com/9eb25...
  ✅ Updated!

[36/112] Processing [MP4]: "Vase Dance Break"
  Stream UID: 4cbb7216d9fda7182ba98609caa3096b
  Enabling downloads...
  Waiting for download to be ready...
  ✅ MP4 URL: https://customer-tpkm273r1u0s40no.cloudflarestream.com/4cbb7...
  ✅ Updated!

[37/112] Processing [MP4]: "Vase Chorus 2"
  Stream UID: b401dc6932dc4949de100ea053073688
  Enabling downloads...
  Waiting for download to be ready...
  ✅ MP4 URL: https://customer-tpkm273r1u0s40no.cloudflarestream.com/b401d...
  ✅ Updated!

[38/112] Processing [MP4]: "Vase Bridge"
  Stream UID: 0ae5f5fdf3a62e854bec872740a84f5a
  Enabling downloads...
  Waiting for download to be ready...
  ✅ MP4 URL: https://customer-tpkm273r1u0s40no.cloudflarestream.com/0ae5f...
  ✅ Updated!

[39/112] Processing [MP4]: "Vase Verse 5"
  Stream UID: 4276d8620b2327eeaafc843a75b87a0d
  Enabling downloads...
  Waiting for download to be ready...
  ✅ MP4 URL: https://customer-tpkm273r1u0s40no.cloudflarestream.com/4276d...
  ✅ Updated!

[40/112] Processing [MP4]: "Vase Verse 4"
  Stream UID: b8a26bb65f42804c6c443820bfe838db
  Enabling downloads...
  Waiting for download to be ready...
  ✅ MP4 URL: https://customer-tpkm273r1u0s40no.cloudflarestream.com/b8a26...
  ✅ Updated!

[41/112] Processing [MP4]: "Vase Chorus 1"
  Stream UID: 9eb9c146aebaacfcaaa2626802fecbb5
  Enabling downloads...
  Waiting for download to be ready...
  ✅ MP4 URL: https://customer-tpkm273r1u0s40no.cloudflarestream.com/9eb9c...
  ✅ Updated!

[42/112] Processing [MP4]: "Vase Verse 3"
  Stream UID: 6f67e5ce08ae9e79701b64d5528eb893
  Enabling downloads...
  Waiting for download to be ready...
  ✅ MP4 URL: https://customer-tpkm273r1u0s40no.cloudflarestream.com/6f67e...
  ✅ Updated!

[43/112] Processing [MP4]: "Vase Verse 2"
  Stream UID: 1aaebe85e319ca21ae01489b61beb333
  Enabling downloads...
  Waiting for download to be ready...
  ✅ MP4 URL: https://customer-tpkm273r1u0s40no.cloudflarestream.com/1aaeb...
  ✅ Updated!

[44/112] Processing [MP4]: "Vase Verse 1"
  Stream UID: 5188c00468077f6ac4b402fa1c610986
  Enabling downloads...
  Waiting for download to be ready...
  ✅ MP4 URL: https://customer-tpkm273r1u0s40no.cloudflarestream.com/5188c...
  ✅ Updated!

[45/112] Processing [MP4]: "Vase Intro"
  Stream UID: dd3ba08c6981439fb341023d89fabd90
  Enabling downloads...
  Waiting for download to be ready...
  ✅ MP4 URL: https://customer-tpkm273r1u0s40no.cloudflarestream.com/dd3ba...
  ✅ Updated!

[46/112] Processing [MP4]: "Vase Prologue"
  Stream UID: 90ba9662d81309583d551187fecf320b
  Enabling downloads...
  Waiting for download to be ready...
  ✅ MP4 URL: https://customer-tpkm273r1u0s40no.cloudflarestream.com/90ba9...
  ✅ Updated!

[47/112] Processing [MP4]: "Aether Outro"
  Stream UID: a630707c4befc56e113865f77d388140
  Enabling downloads...
  Waiting for download to be ready...
  ✅ MP4 URL: https://customer-tpkm273r1u0s40no.cloudflarestream.com/a6307...
  ✅ Updated!

[48/112] Processing [MP4]: "Aether Chorus 2"
  Stream UID: 2f5d3842c7fda18c9a16e7a71e71a2e3
  Enabling downloads...
  Waiting for download to be ready...
  ✅ MP4 URL: https://customer-tpkm273r1u0s40no.cloudflarestream.com/2f5d3...
  ✅ Updated!

[49/112] Processing [MP4]: "Aether Pre-Chorus 3"
  Stream UID: 85c46ed768d0bacbe22fe15a8e2605df
  Enabling downloads...
  Waiting for download to be ready...
  ✅ MP4 URL: https://customer-tpkm273r1u0s40no.cloudflarestream.com/85c46...
  ✅ Updated!

[50/112] Processing [MP4]: "Aether Pre-Chorus 2"
  Stream UID: effb5af63bdc681e17de6bd726e07fb4
  Enabling downloads...
  Waiting for download to be ready...
  ✅ MP4 URL: https://customer-tpkm273r1u0s40no.cloudflarestream.com/effb5...
  ✅ Updated!

[51/112] Processing [MP4]: "Aether Verse 4"
  Stream UID: a18cef4f9ee91e087bc1a72d8470ffae
  Enabling downloads...
  Waiting for download to be ready...
  ✅ MP4 URL: https://customer-tpkm273r1u0s40no.cloudflarestream.com/a18ce...
  ✅ Updated!

[52/112] Processing [MP4]: "Aether Verse 3"
  Stream UID: e7b08bec701091322613012f65353984
  Enabling downloads...
  Waiting for download to be ready...
  ✅ MP4 URL: https://customer-tpkm273r1u0s40no.cloudflarestream.com/e7b08...
  ✅ Updated!

[53/112] Processing [MP4]: "Aether Chorus 1"
  Stream UID: b9a7a25d3c016fe00010aea6c1838ccc
  Enabling downloads...
  Waiting for download to be ready...
  ✅ MP4 URL: https://customer-tpkm273r1u0s40no.cloudflarestream.com/b9a7a...
  ✅ Updated!

[54/112] Processing [MP4]: "Aether Pre-chorus 1"
  Stream UID: dadc2b44e6195eaa657797da0b5c58ee
  Enabling downloads...
  Waiting for download to be ready...
  ✅ MP4 URL: https://customer-tpkm273r1u0s40no.cloudflarestream.com/dadc2...
  ✅ Updated!

[55/112] Processing [MP4]: "Aether Verse 2"
  Stream UID: f63f57ca6d3dd6e409c224f318de2a03
  Enabling downloads...
  Waiting for download to be ready...
  ✅ MP4 URL: https://customer-tpkm273r1u0s40no.cloudflarestream.com/f63f5...
  ✅ Updated!

[56/112] Processing [MP4]: "Aether Verse 1"
  Stream UID: cb3943ed824c2dc156dcca333f291abe
  Enabling downloads...
  Waiting for download to be ready...
  ✅ MP4 URL: https://customer-tpkm273r1u0s40no.cloudflarestream.com/cb394...
  ✅ Updated!

[57/112] Processing [MP4]: "Aether Intro 2"
  Stream UID: 7c6666ceac4d4a431a5551ad2d243838
  Enabling downloads...
  Waiting for download to be ready...
  ✅ MP4 URL: https://customer-tpkm273r1u0s40no.cloudflarestream.com/7c666...
  ✅ Updated!

[58/112] Processing [MP4]: "Aether Intro"
  Stream UID: ca56aca6323c3311d7fd6c850168beca
  Enabling downloads...
  Waiting for download to be ready...
  ✅ MP4 URL: https://customer-tpkm273r1u0s40no.cloudflarestream.com/ca56a...
  ✅ Updated!

[59/112] Processing [MP4]: "The Sky Chorus 3"
  Stream UID: a3313cc41a7ff1ecc95c9a6e631dc59d
  Enabling downloads...
  Waiting for download to be ready...
  ✅ MP4 URL: https://customer-tpkm273r1u0s40no.cloudflarestream.com/a3313...
  ✅ Updated!

[60/112] Processing [MP4]: "The Sky Chorus 2"
  Stream UID: 1c01f02ad4f8170814832edbbeadd116
  Enabling downloads...
  Waiting for download to be ready...
  ✅ MP4 URL: https://customer-tpkm273r1u0s40no.cloudflarestream.com/1c01f...
  ✅ Updated!

[61/112] Processing [MP4]: "The Sky Pre-chorus 2"
  Stream UID: 25006801a8ba7cfaa16acebcd6d894a2
  Enabling downloads...
  Waiting for download to be ready...
  ✅ MP4 URL: https://customer-tpkm273r1u0s40no.cloudflarestream.com/25006...
  ✅ Updated!

[62/112] Processing [MP4]: "The Sky Bridge 2"
  Stream UID: 6d440c4c2c82c3e31dfc6de6a88e68c4
  Enabling downloads...
  Waiting for download to be ready...
  ✅ MP4 URL: https://customer-tpkm273r1u0s40no.cloudflarestream.com/6d440...
  ✅ Updated!

[63/112] Processing [MP4]: "The Sky Bridge 1"
  Stream UID: fc8590283412debedf9651983a58031e
  Enabling downloads...
  Waiting for download to be ready...
  ✅ MP4 URL: https://customer-tpkm273r1u0s40no.cloudflarestream.com/fc859...
  ✅ Updated!

[64/112] Processing [MP4]: "The Sky Verse 1"
  Stream UID: 8a4d7ae35227ee3037ce5a98773bba24
  Enabling downloads...
  Waiting for download to be ready...
  ✅ MP4 URL: https://customer-tpkm273r1u0s40no.cloudflarestream.com/8a4d7...
  ✅ Updated!

[65/112] Processing [MP4]: "The Sky Chorus 1"
  Stream UID: c3b3741d4ef730c3a0a563bb585909c7
  Enabling downloads...
  Waiting for download to be ready...
  ✅ MP4 URL: https://customer-tpkm273r1u0s40no.cloudflarestream.com/c3b37...
  ✅ Updated!

[66/112] Processing [MP4]: "The Sky Pre-Chorus 1"
  Stream UID: d16ecbac79555450251a566a40c7c9d8
  Enabling downloads...
  Waiting for download to be ready...
  ✅ MP4 URL: https://customer-tpkm273r1u0s40no.cloudflarestream.com/d16ec...
  ✅ Updated!

[67/112] Processing [MP4]: "The Sky Intro 2"
  Stream UID: 240f52248606dfa68e909d2712ae516d
  Enabling downloads...
  Waiting for download to be ready...
  ✅ MP4 URL: https://customer-tpkm273r1u0s40no.cloudflarestream.com/240f5...
  ✅ Updated!

[68/112] Processing [MP4]: "The Sky Intro Real"
  Stream UID: bec872c2644402419caf89123fac62a2
  Enabling downloads...
  Waiting for download to be ready...
  ✅ MP4 URL: https://customer-tpkm273r1u0s40no.cloudflarestream.com/bec87...
  ✅ Updated!

[69/112] Processing [MP4]: "The Sky Prayer"
  Stream UID: 3225b8fc3e26793ab6251ca526d62c2d
  Enabling downloads...
  Waiting for download to be ready...
  ✅ MP4 URL: https://customer-tpkm273r1u0s40no.cloudflarestream.com/3225b...
  ✅ Updated!

[70/112] Processing [MP4]: "The Sky Prayer Intro"
  Stream UID: 1f9dbb643a363700ce6a0da6e91bdf96
  Enabling downloads...
  Waiting for download to be ready...
  ✅ MP4 URL: https://customer-tpkm273r1u0s40no.cloudflarestream.com/1f9db...
  ✅ Updated!

[71/112] Processing [MP4]: "The Sky Ambience"
  Stream UID: 286eee146101d0422c1d5486fbc3ab26
  Enabling downloads...
  Waiting for download to be ready...
  ✅ MP4 URL: https://customer-tpkm273r1u0s40no.cloudflarestream.com/286ee...
  ✅ Updated!

[72/112] Processing [MP4]: "Pour Salem Outro"
  Stream UID: 16f06ef216d2e4f63fe18beebd0747f7
  Enabling downloads...
  Waiting for download to be ready...
  ✅ MP4 URL: https://customer-tpkm273r1u0s40no.cloudflarestream.com/16f06...
  ✅ Updated!

[73/112] Processing [MP4]: "Pour Salem Chorus 3"
  Stream UID: 78a918ff563cfbe99c61221c751dc385
  Enabling downloads...
  Waiting for download to be ready...
  ✅ MP4 URL: https://customer-tpkm273r1u0s40no.cloudflarestream.com/78a91...
  ✅ Updated!

[74/112] Processing [MP4]: "Pour Salem Chorus 2"
  Stream UID: bdcb6ab4e19d4ba3791efd7e20baf4bc
  Enabling downloads...
  Waiting for download to be ready...
  ✅ MP4 URL: https://customer-tpkm273r1u0s40no.cloudflarestream.com/bdcb6...
  ✅ Updated!

[75/112] Processing [MP4]: "Pour Salem Verse 4"
  Stream UID: 75ff1504afc412f49e8454bca40673b5
  Enabling downloads...
  Waiting for download to be ready...
  ✅ MP4 URL: https://customer-tpkm273r1u0s40no.cloudflarestream.com/75ff1...
  ✅ Updated!

[76/112] Processing [MP4]: "Pour Salem Verse 3"
  Stream UID: 70aeec8726ad6d1800430e7eb01e8282
  Enabling downloads...
  Waiting for download to be ready...
  ✅ MP4 URL: https://customer-tpkm273r1u0s40no.cloudflarestream.com/70aee...
  ✅ Updated!

[77/112] Processing [MP4]: "Pour Salem Chorus 1"
  Stream UID: 1281a6a0f51732f513c2180b732de742
  Enabling downloads...
  Waiting for download to be ready...
  ✅ MP4 URL: https://customer-tpkm273r1u0s40no.cloudflarestream.com/1281a...
  ✅ Updated!

[78/112] Processing [MP4]: "Pour Salem Verse 2"
  Stream UID: 48c6d383e0a862aab402f288b4b89777
  Enabling downloads...
  Waiting for download to be ready...
  ✅ MP4 URL: https://customer-tpkm273r1u0s40no.cloudflarestream.com/48c6d...
  ✅ Updated!

[79/112] Processing [MP4]: "Pour Salem Verse 1"
  Stream UID: 48f585bd017b8df0c9311037527bcab7
  Enabling downloads...
  Waiting for download to be ready...
  ✅ MP4 URL: https://customer-tpkm273r1u0s40no.cloudflarestream.com/48f58...
  ✅ Updated!

[80/112] Processing [MP4]: "Pour Salem Intro 2"
  Stream UID: ed85e59b08a5b469910cf5694b474704
  Enabling downloads...
  Waiting for download to be ready...
  ✅ MP4 URL: https://customer-tpkm273r1u0s40no.cloudflarestream.com/ed85e...
  ✅ Updated!

[81/112] Processing [MP4]: "Pour Salem Intro 1"
  Stream UID: 97f77d521238f4faebd0fdf37eee92ca
  Enabling downloads...
  Waiting for download to be ready...
  ✅ MP4 URL: https://customer-tpkm273r1u0s40no.cloudflarestream.com/97f77...
  ✅ Updated!

[82/112] Processing [MP4]: "Alone Outro"
  Stream UID: 0ece9b631b709619ba7cf07d34843ce5
  Enabling downloads...
  Waiting for download to be ready...
  ✅ MP4 URL: https://customer-tpkm273r1u0s40no.cloudflarestream.com/0ece9...
  ✅ Updated!

[83/112] Processing [MP4]: "Alone Chorus 4"
  Stream UID: b8bb34cd3cbaa7ca1c251726159dc456
  Enabling downloads...
  Waiting for download to be ready...
  ✅ MP4 URL: https://customer-tpkm273r1u0s40no.cloudflarestream.com/b8bb3...
  ✅ Updated!

[84/112] Processing [MP4]: "Alone Chorus 3"
  Stream UID: 3fb3cda7bc8d447804b33f6c731aaa6d
  Enabling downloads...
  Waiting for download to be ready...
  ✅ MP4 URL: https://customer-tpkm273r1u0s40no.cloudflarestream.com/3fb3c...
  ✅ Updated!

[85/112] Processing [MP4]: "Alone Bridge 2"
  Stream UID: 52122f7ac003aa5ca42a1bfb8075893d
  Enabling downloads...
  Waiting for download to be ready...
  ✅ MP4 URL: https://customer-tpkm273r1u0s40no.cloudflarestream.com/52122...
  ✅ Updated!

[86/112] Processing [MP4]: "Alone Bridge 1"
  Stream UID: db673a9e20d8d05b8463e31beb3a11c6
  Enabling downloads...
  Waiting for download to be ready...
  ✅ MP4 URL: https://customer-tpkm273r1u0s40no.cloudflarestream.com/db673...
  ✅ Updated!

[87/112] Processing [MP4]: "Alone Chorus 2"
  Stream UID: ba205ee135ada2bb1f2bc6feb6234a65
  Enabling downloads...
  Waiting for download to be ready...
  ✅ MP4 URL: https://customer-tpkm273r1u0s40no.cloudflarestream.com/ba205...
  ✅ Updated!

[88/112] Processing [MP4]: "Alone Verse"
  Stream UID: 735e78143cd5116c4b570f8d8a6ed9a4
  Enabling downloads...
  Waiting for download to be ready...
  ✅ MP4 URL: https://customer-tpkm273r1u0s40no.cloudflarestream.com/735e7...
  ✅ Updated!

[89/112] Processing [MP4]: "Alone Chorus 1"
  Stream UID: 425109b8c98ae631493f53ef72c4598b
  Enabling downloads...
  Waiting for download to be ready...
  ✅ MP4 URL: https://customer-tpkm273r1u0s40no.cloudflarestream.com/42510...
  ✅ Updated!

[90/112] Processing [MP4]: "Alone Title"
  Stream UID: 96aafbd29437060964cf584add60cd7e
  Enabling downloads...
  Waiting for download to be ready...
  ✅ MP4 URL: https://customer-tpkm273r1u0s40no.cloudflarestream.com/96aaf...
  ✅ Updated!

[91/112] Processing [MP4]: "Alone Intro"
  Stream UID: 56f6fede20c4cb606db23c4d2eb5531a
  Enabling downloads...
  Waiting for download to be ready...
  ✅ MP4 URL: https://customer-tpkm273r1u0s40no.cloudflarestream.com/56f6f...
  ✅ Updated!

[92/112] Processing [MP4]: "In the City For the Love"
  Stream UID: af01608633bb773cd10981aa7e17c05c
  Enabling downloads...
  Waiting for download to be ready...
  ✅ MP4 URL: https://customer-tpkm273r1u0s40no.cloudflarestream.com/af016...
  ✅ Updated!

[93/112] Processing [MP4]: "In The City Chorus 2"
  Stream UID: 43bfc2f2e5a349f41c091eab2dd6b994
  Enabling downloads...
  Waiting for download to be ready...
  ✅ MP4 URL: https://customer-tpkm273r1u0s40no.cloudflarestream.com/43bfc...
  ✅ Updated!

[94/112] Processing [MP4]: "In The City Kobe"
  Stream UID: f8109a3c0432c7e22d1dad3bd44c5b9c
  Enabling downloads...
  Waiting for download to be ready...
  ✅ MP4 URL: https://customer-tpkm273r1u0s40no.cloudflarestream.com/f8109...
  ✅ Updated!

[95/112] Processing [MP4]: "In The City Verse 1"
  Stream UID: 243b0758ebf1bce0698d1f00dcdff633
  Enabling downloads...
  Waiting for download to be ready...
  ✅ MP4 URL: https://customer-tpkm273r1u0s40no.cloudflarestream.com/243b0...
  ✅ Updated!

[96/112] Processing [MP4]: "In The City Chorus 1"
  Stream UID: 9d65ccca49c4db058634a1d235ef2231
  Enabling downloads...
  Waiting for download to be ready...
  ✅ MP4 URL: https://customer-tpkm273r1u0s40no.cloudflarestream.com/9d65c...
  ✅ Updated!

[97/112] Processing [MP4]: "In The City Intro"
  Stream UID: 1cd0dab46edcd1b23689c8760680f19e
  Enabling downloads...
  Waiting for download to be ready...
  ✅ MP4 URL: https://customer-tpkm273r1u0s40no.cloudflarestream.com/1cd0d...
  ✅ Updated!

[98/112] Processing [MP4]: "In The City Transition"
  Stream UID: 01d3605985f9bebe771d28639fda71a6
  Enabling downloads...
  Waiting for download to be ready...
  ✅ MP4 URL: https://customer-tpkm273r1u0s40no.cloudflarestream.com/01d36...
  ✅ Updated!

[99/112] Processing [MP4]: "David Chorus 2"
  Stream UID: c87bb54778baa7292550cc27bc4dd303
  Enabling downloads...
  Waiting for download to be ready...
  ✅ MP4 URL: https://customer-tpkm273r1u0s40no.cloudflarestream.com/c87bb...
  ✅ Updated!

[100/112] Processing [MP4]: "David Verse 2"
  Stream UID: a1b5d8adc46b93f36ade295eaa4fa9df
  Enabling downloads...
  Waiting for download to be ready...
  ✅ MP4 URL: https://customer-tpkm273r1u0s40no.cloudflarestream.com/a1b5d...
  ✅ Updated!

[101/112] Processing [MP4]: "David Verse 1"
  Stream UID: 3aa459367169ce45a523cc73de6b8e47
  Enabling downloads...
  Waiting for download to be ready...
  ✅ MP4 URL: https://customer-tpkm273r1u0s40no.cloudflarestream.com/3aa45...
  ✅ Updated!

[102/112] Processing [MP4]: "David Chorus 1"
  Stream UID: 2e59b1c2ecb5e0b5a6ea86ebf5201784
  Enabling downloads...
  Waiting for download to be ready...
  ✅ MP4 URL: https://customer-tpkm273r1u0s40no.cloudflarestream.com/2e59b...
  ✅ Updated!

[103/112] Processing [MP4]: "David Intro"
  Stream UID: 579e4cd6dd3b99401e534b2b91a479a8
  Enabling downloads...
  Waiting for download to be ready...
  ✅ MP4 URL: https://customer-tpkm273r1u0s40no.cloudflarestream.com/579e4...
  ✅ Updated!

[104/112] Processing [MOV]: "Take That"
  Stream UID: b50ae2843a3e95e25282abc549cd3605
  Enabling downloads...
  Waiting for download to be ready...
  ⏳ Still waiting... (50s / 300s)
  ✅ MP4 URL: https://customer-tpkm273r1u0s40no.cloudflarestream.com/b50ae...
  ✅ Updated!

[105/112] Processing [MOV]: "Times"
  Stream UID: 1dd94fae43c30389223d15a0365c03a6
  Enabling downloads...
  Waiting for download to be ready...
  ⏳ Still waiting... (50s / 300s)
  ⏳ Still waiting... (100s / 300s)
  ✅ MP4 URL: https://customer-tpkm273r1u0s40no.cloudflarestream.com/1dd94...
  ✅ Updated!

[106/112] Processing [MP4]: "Fish Out!"
  Stream UID: 3ec82eb2f7a850a725f08693d0707291
  Enabling downloads...
  Waiting for download to be ready...
  ⏳ Still waiting... (50s / 300s)
  ✅ MP4 URL: https://customer-tpkm273r1u0s40no.cloudflarestream.com/3ec82...
  ✅ Updated!

[107/112] Processing [MOV]: "Vase"
  Stream UID: f93392fe4739cb4057969abab1aeafc9
  Enabling downloads...
  Waiting for download to be ready...
  ⏳ Still waiting... (50s / 300s)
  ✅ MP4 URL: https://customer-tpkm273r1u0s40no.cloudflarestream.com/f9339...
  ✅ Updated!

[108/112] Processing [MOV]: "Aether"
  Stream UID: 9c0c0c15f32cdaea6f4fb1bd71bf6174
  Enabling downloads...
  Waiting for download to be ready...
  ⏳ Still waiting... (50s / 300s)
  ✅ MP4 URL: https://customer-tpkm273r1u0s40no.cloudflarestream.com/9c0c0...
  ✅ Updated!

[109/112] Processing [MOV]: "The Sky"
  Stream UID: 69b549bfbb39d2166176ec52c00cc449
  Enabling downloads...
  Waiting for download to be ready...
  ⏳ Still waiting... (50s / 300s)
  ✅ MP4 URL: https://customer-tpkm273r1u0s40no.cloudflarestream.com/69b54...
  ✅ Updated!

[110/112] Processing [MOV]: "Pour Salem"
  Stream UID: 9dc6936b4afceedecd935faaf60fb5e8
  Enabling downloads...
  Waiting for download to be ready...
  ⏳ Still waiting... (50s / 300s)
  ✅ MP4 URL: https://customer-tpkm273r1u0s40no.cloudflarestream.com/9dc69...
  ✅ Updated!

[111/112] Processing [MOV]: "Alone"
  Stream UID: 34096418526b2936136d7ec860d4504e
  Enabling downloads...
  Waiting for download to be ready...
  ⏳ Still waiting... (50s / 300s)
  ✅ MP4 URL: https://customer-tpkm273r1u0s40no.cloudflarestream.com/34096...
  ✅ Updated!

[112/112] Processing [MOV]: "David In The City"
  Stream UID: 7b4c3a9c5a8bd5424703bd458e3993b4
  Enabling downloads...
  Waiting for download to be ready...
  ⏳ Still waiting... (50s / 300s)
  ⏳ Still waiting... (100s / 300s)
  ✅ MP4 URL: https://customer-tpkm273r1u0s40no.cloudflarestream.com/7b4c3...
  ✅ Updated!


==========================================
📊 Backfill Summary
==========================================

Total processed: 112
✅ Updated: 112
⏭️  Skipped: 0
❌ Failed: 0

✅ Backfill complete!
   112 videos now have proper Stream MP4 download URLs
   Ready for PostForMe deployment
